[0m[32mDownload[0m https://jsr.io/@std/dotenv/meta.json
[0m[32mDownload[0m https://registry.npmjs.org/@supabase%2fsupabase-js
[0m[32mDownload[0m https://jsr.io/@std/dotenv/0.225.6_meta.json
[0m[32mDownload[0m https://jsr.io/@std/dotenv/0.225.6/load.ts
[0m[32mDownload[0m https://jsr.io/@std/dotenv/0.225.6/mod.ts
[0m[32mDownload[0m https://jsr.io/@std/dotenv/0.225.6/parse.ts
[0m[32mDownload[0m https://jsr.io/@std/dotenv/0.225.6/stringify.ts
[0m[32mDownload[0m https://registry.npmjs.org/@supabase%2fauth-js
[0m[32mDownload[0m https://registry.npmjs.org/@supabase%2ffunctions-js
[0m[32mDownload[0m https://registry.npmjs.org/@supabase%2fpostgrest-js
[0m[32mDownload[0m https://registry.npmjs.org/@supabase%2frealtime-js
[0m[32mDownload[0m https://registry.npmjs.org/@supabase%2fstorage-js
[0m[32mDownload[0m https://registry.npmjs.org/tslib
[0m[32mDownload[0m https://registry.npmjs.org/@supabase%2fphoenix
[0m[32mDownload[0m https://registry.npmjs.org/iceberg-js
[0m[32mDownload[0m https://registry.npmjs.org/@supabase/supabase-js/-/supabase-js-2.106.1.tgz
[0m[32mDownload[0m https://registry.npmjs.org/@supabase/postgrest-js/-/postgrest-js-2.106.1.tgz
[0m[32mDownload[0m https://registry.npmjs.org/@supabase/functions-js/-/functions-js-2.106.1.tgz
[0m[32mDownload[0m https://registry.npmjs.org/@supabase/auth-js/-/auth-js-2.106.1.tgz
[0m[32mDownload[0m https://registry.npmjs.org/@supabase/storage-js/-/storage-js-2.106.1.tgz
[0m[32mDownload[0m https://registry.npmjs.org/@supabase/realtime-js/-/realtime-js-2.106.1.tgz
[0m[32mDownload[0m https://registry.npmjs.org/tslib/-/tslib-2.8.1.tgz
[0m[32mDownload[0m https://registry.npmjs.org/iceberg-js/-/iceberg-js-0.8.1.tgz
[0m[32mDownload[0m https://registry.npmjs.org/@supabase/phoenix/-/phoenix-0.4.2.tgz
Fetching exchange rates from 2024-05-22 to 2026-05-22 for base EUR...
Targets: USD, JPY, SEK, CAD, KRW, CHF, GBP, AUD, HKD, SGD
Preparing to insert/upsert 5110 rows...
Successfully inserted chunk 0 to 1000
Successfully inserted chunk 1000 to 2000
Successfully inserted chunk 2000 to 3000
Successfully inserted chunk 3000 to 4000
Successfully inserted chunk 4000 to 5000
Successfully inserted chunk 5000 to 6000
Exchange rate update completed successfully.
[0m[32mDownload[0m https://jsr.io/@std/dotenv/meta.json
[0m[32mDownload[0m https://registry.npmjs.org/@supabase%2fsupabase-js
[0m[32mDownload[0m https://jsr.io/@std/dotenv/0.225.6_meta.json
[0m[32mDownload[0m https://jsr.io/@std/dotenv/0.225.6/load.ts
[0m[32mDownload[0m https://jsr.io/@std/dotenv/0.225.6/mod.ts
[0m[32mDownload[0m https://jsr.io/@std/dotenv/0.225.6/parse.ts
[0m[32mDownload[0m https://jsr.io/@std/dotenv/0.225.6/stringify.ts
[0m[32mDownload[0m https://registry.npmjs.org/@supabase%2fauth-js
[0m[32mDownload[0m https://registry.npmjs.org/@supabase%2ffunctions-js
[0m[32mDownload[0m https://registry.npmjs.org/@supabase%2fpostgrest-js
[0m[32mDownload[0m https://registry.npmjs.org/@supabase%2frealtime-js
[0m[32mDownload[0m https://registry.npmjs.org/@supabase%2fstorage-js
[0m[32mDownload[0m https://registry.npmjs.org/tslib
[0m[32mDownload[0m https://registry.npmjs.org/@supabase%2fphoenix
[0m[32mDownload[0m https://registry.npmjs.org/iceberg-js
[0m[32mDownload[0m https://registry.npmjs.org/@supabase/supabase-js/-/supabase-js-2.106.1.tgz
[0m[32mDownload[0m https://registry.npmjs.org/@supabase/storage-js/-/storage-js-2.106.1.tgz
[0m[32mDownload[0m https://registry.npmjs.org/@supabase/auth-js/-/auth-js-2.106.1.tgz
[0m[32mDownload[0m https://registry.npmjs.org/@supabase/postgrest-js/-/postgrest-js-2.106.1.tgz
[0m[32mDownload[0m https://registry.npmjs.org/@supabase/realtime-js/-/realtime-js-2.106.1.tgz
[0m[32mDownload[0m https://registry.npmjs.org/@supabase/functions-js/-/functions-js-2.106.1.tgz
[0m[32mDownload[0m https://registry.npmjs.org/iceberg-js/-/iceberg-js-0.8.1.tgz
[0m[32mDownload[0m https://registry.npmjs.org/tslib/-/tslib-2.8.1.tgz
[0m[32mDownload[0m https://registry.npmjs.org/@supabase/phoenix/-/phoenix-0.4.2.tgz
Fetching exchange rates from 2024-05-23 to 2026-05-23 for base EUR...
Targets: USD, JPY, SEK, CAD, KRW, CHF, GBP, AUD, HKD, SGD
Preparing to insert/upsert 5100 rows...
Successfully inserted chunk 0 to 1000
Successfully inserted chunk 1000 to 2000
Successfully inserted chunk 2000 to 3000
Successfully inserted chunk 3000 to 4000
Successfully inserted chunk 4000 to 5000
Successfully inserted chunk 5000 to 6000
Exchange rate update completed successfully.
[0m[32mDownload[0m https://jsr.io/@std/dotenv/meta.json
[0m[32mDownload[0m https://registry.npmjs.org/@supabase%2fsupabase-js
[0m[32mDownload[0m https://jsr.io/@std/dotenv/0.225.6_meta.json
[0m[32mDownload[0m https://jsr.io/@std/dotenv/0.225.6/load.ts
[0m[32mDownload[0m https://jsr.io/@std/dotenv/0.225.6/mod.ts
[0m[32mDownload[0m https://jsr.io/@std/dotenv/0.225.6/parse.ts
[0m[32mDownload[0m https://jsr.io/@std/dotenv/0.225.6/stringify.ts
[0m[32mDownload[0m https://registry.npmjs.org/@supabase%2fauth-js
[0m[32mDownload[0m https://registry.npmjs.org/@supabase%2ffunctions-js
[0m[32mDownload[0m https://registry.npmjs.org/@supabase%2fpostgrest-js
[0m[32mDownload[0m https://registry.npmjs.org/@supabase%2frealtime-js
[0m[32mDownload[0m https://registry.npmjs.org/@supabase%2fstorage-js
[0m[32mDownload[0m https://registry.npmjs.org/tslib
[0m[32mDownload[0m https://registry.npmjs.org/@supabase%2fphoenix
[0m[32mDownload[0m https://registry.npmjs.org/iceberg-js
[0m[32mDownload[0m https://registry.npmjs.org/@supabase/supabase-js/-/supabase-js-2.106.1.tgz
[0m[32mDownload[0m https://registry.npmjs.org/@supabase/postgrest-js/-/postgrest-js-2.106.1.tgz
[0m[32mDownload[0m https://registry.npmjs.org/@supabase/auth-js/-/auth-js-2.106.1.tgz
[0m[32mDownload[0m https://registry.npmjs.org/@supabase/functions-js/-/functions-js-2.106.1.tgz
[0m[32mDownload[0m https://registry.npmjs.org/@supabase/storage-js/-/storage-js-2.106.1.tgz
[0m[32mDownload[0m https://registry.npmjs.org/@supabase/realtime-js/-/realtime-js-2.106.1.tgz
[0m[32mDownload[0m https://registry.npmjs.org/tslib/-/tslib-2.8.1.tgz
[0m[32mDownload[0m https://registry.npmjs.org/iceberg-js/-/iceberg-js-0.8.1.tgz
[0m[32mDownload[0m https://registry.npmjs.org/@supabase/phoenix/-/phoenix-0.4.2.tgz
Fetching exchange rates from 2024-05-24 to 2026-05-24 for base EUR...
Targets: USD, JPY, SEK, CAD, KRW, CHF, GBP, AUD, HKD, SGD
Preparing to insert/upsert 5090 rows...
Successfully inserted chunk 0 to 1000
Successfully inserted chunk 1000 to 2000
Successfully inserted chunk 2000 to 3000
Successfully inserted chunk 3000 to 4000
Successfully inserted chunk 4000 to 5000
Successfully inserted chunk 5000 to 6000
Exchange rate update completed successfully.
[0m[32mDownload[0m https://jsr.io/@std/dotenv/meta.json
[0m[32mDownload[0m https://registry.npmjs.org/@supabase%2fsupabase-js
[0m[32mDownload[0m https://jsr.io/@std/dotenv/0.225.6_meta.json
[0m[32mDownload[0m https://jsr.io/@std/dotenv/0.225.6/load.ts
[0m[32mDownload[0m https://jsr.io/@std/dotenv/0.225.6/mod.ts
[0m[32mDownload[0m https://jsr.io/@std/dotenv/0.225.6/parse.ts
[0m[32mDownload[0m https://jsr.io/@std/dotenv/0.225.6/stringify.ts
[0m[32mDownload[0m https://registry.npmjs.org/@supabase%2fauth-js
[0m[32mDownload[0m https://registry.npmjs.org/@supabase%2ffunctions-js
[0m[32mDownload[0m https://registry.npmjs.org/@supabase%2fpostgrest-js
[0m[32mDownload[0m https://registry.npmjs.org/@supabase%2frealtime-js
[0m[32mDownload[0m https://registry.npmjs.org/@supabase%2fstorage-js
[0m[32mDownload[0m https://registry.npmjs.org/tslib
[0m[32mDownload[0m https://registry.npmjs.org/@supabase%2fphoenix
[0m[32mDownload[0m https://registry.npmjs.org/iceberg-js
[0m[32mDownload[0m https://registry.npmjs.org/@supabase/supabase-js/-/supabase-js-2.106.2.tgz
[0m[32mDownload[0m https://registry.npmjs.org/@supabase/auth-js/-/auth-js-2.106.2.tgz
[0m[32mDownload[0m https://registry.npmjs.org/@supabase/postgrest-js/-/postgrest-js-2.106.2.tgz
[0m[32mDownload[0m https://registry.npmjs.org/@supabase/realtime-js/-/realtime-js-2.106.2.tgz
[0m[32mDownload[0m https://registry.npmjs.org/@supabase/functions-js/-/functions-js-2.106.2.tgz
[0m[32mDownload[0m https://registry.npmjs.org/@supabase/storage-js/-/storage-js-2.106.2.tgz
[0m[32mDownload[0m https://registry.npmjs.org/tslib/-/tslib-2.8.1.tgz
[0m[32mDownload[0m https://registry.npmjs.org/@supabase/phoenix/-/phoenix-0.4.2.tgz
[0m[32mDownload[0m https://registry.npmjs.org/iceberg-js/-/iceberg-js-0.8.1.tgz
Fetching exchange rates from 2024-05-25 to 2026-05-25 for base EUR...
Targets: USD, JPY, SEK, CAD, KRW, CHF, GBP, AUD, HKD, SGD
Preparing to insert/upsert 5100 rows...
Successfully inserted chunk 0 to 1000
Successfully inserted chunk 1000 to 2000
Successfully inserted chunk 2000 to 3000
Successfully inserted chunk 3000 to 4000
Successfully inserted chunk 4000 to 5000
Successfully inserted chunk 5000 to 6000
Exchange rate update completed successfully.
[0m[32mDownload[0m https://jsr.io/@std/dotenv/meta.json
[0m[32mDownload[0m https://registry.npmjs.org/@supabase%2fsupabase-js
[0m[32mDownload[0m https://jsr.io/@std/dotenv/0.225.7_meta.json
[0m[32mDownload[0m https://jsr.io/@std/dotenv/0.225.7/load.ts
[0m[32mDownload[0m https://jsr.io/@std/dotenv/0.225.7/mod.ts
[0m[32mDownload[0m https://jsr.io/@std/dotenv/0.225.7/parse.ts
[0m[32mDownload[0m https://jsr.io/@std/dotenv/0.225.7/stringify.ts
[0m[32mDownload[0m https://registry.npmjs.org/@supabase%2fauth-js
[0m[32mDownload[0m https://registry.npmjs.org/@supabase%2ffunctions-js
[0m[32mDownload[0m https://registry.npmjs.org/@supabase%2fpostgrest-js
[0m[32mDownload[0m https://registry.npmjs.org/@supabase%2frealtime-js
[0m[32mDownload[0m https://registry.npmjs.org/@supabase%2fstorage-js
[0m[32mDownload[0m https://registry.npmjs.org/tslib
[0m[32mDownload[0m https://registry.npmjs.org/@supabase%2fphoenix
[0m[32mDownload[0m https://registry.npmjs.org/iceberg-js
[0m[32mDownload[0m https://registry.npmjs.org/@supabase/supabase-js/-/supabase-js-2.106.2.tgz
[0m[32mDownload[0m https://registry.npmjs.org/@supabase/storage-js/-/storage-js-2.106.2.tgz
[0m[32mDownload[0m https://registry.npmjs.org/@supabase/auth-js/-/auth-js-2.106.2.tgz
[0m[32mDownload[0m https://registry.npmjs.org/@supabase/postgrest-js/-/postgrest-js-2.106.2.tgz
[0m[32mDownload[0m https://registry.npmjs.org/@supabase/realtime-js/-/realtime-js-2.106.2.tgz
[0m[32mDownload[0m https://registry.npmjs.org/@supabase/functions-js/-/functions-js-2.106.2.tgz
[0m[32mDownload[0m https://registry.npmjs.org/iceberg-js/-/iceberg-js-0.8.1.tgz
[0m[32mDownload[0m https://registry.npmjs.org/tslib/-/tslib-2.8.1.tgz
[0m[32mDownload[0m https://registry.npmjs.org/@supabase/phoenix/-/phoenix-0.4.2.tgz
Fetching exchange rates from 2024-05-26 to 2026-05-26 for base EUR...
Targets: USD, JPY, SEK, CAD, KRW, CHF, GBP, AUD, HKD, SGD
Preparing to insert/upsert 5110 rows...
Successfully inserted chunk 0 to 1000
Successfully inserted chunk 1000 to 2000
Successfully inserted chunk 2000 to 3000
Successfully inserted chunk 3000 to 4000
Successfully inserted chunk 4000 to 5000
Successfully inserted chunk 5000 to 6000
Exchange rate update completed successfully.
[0m[32mDownload[0m https://jsr.io/@std/dotenv/meta.json
[0m[32mDownload[0m https://registry.npmjs.org/@supabase%2fsupabase-js
[0m[32mDownload[0m https://jsr.io/@std/dotenv/0.225.7_meta.json
[0m[32mDownload[0m https://jsr.io/@std/dotenv/0.225.7/load.ts
[0m[32mDownload[0m https://jsr.io/@std/dotenv/0.225.7/mod.ts
[0m[32mDownload[0m https://jsr.io/@std/dotenv/0.225.7/parse.ts
[0m[32mDownload[0m https://jsr.io/@std/dotenv/0.225.7/stringify.ts
[0m[32mDownload[0m https://registry.npmjs.org/@supabase%2fauth-js
[0m[32mDownload[0m https://registry.npmjs.org/@supabase%2ffunctions-js
[0m[32mDownload[0m https://registry.npmjs.org/@supabase%2fpostgrest-js
[0m[32mDownload[0m https://registry.npmjs.org/@supabase%2frealtime-js
[0m[32mDownload[0m https://registry.npmjs.org/@supabase%2fstorage-js
[0m[32mDownload[0m https://registry.npmjs.org/tslib
[0m[32mDownload[0m https://registry.npmjs.org/@supabase%2fphoenix
[0m[32mDownload[0m https://registry.npmjs.org/iceberg-js
[0m[32mDownload[0m https://registry.npmjs.org/@supabase/supabase-js/-/supabase-js-2.106.2.tgz
[0m[32mDownload[0m https://registry.npmjs.org/@supabase/functions-js/-/functions-js-2.106.2.tgz
[0m[32mDownload[0m https://registry.npmjs.org/@supabase/realtime-js/-/realtime-js-2.106.2.tgz
[0m[32mDownload[0m https://registry.npmjs.org/@supabase/auth-js/-/auth-js-2.106.2.tgz
[0m[32mDownload[0m https://registry.npmjs.org/@supabase/storage-js/-/storage-js-2.106.2.tgz
[0m[32mDownload[0m https://registry.npmjs.org/@supabase/postgrest-js/-/postgrest-js-2.106.2.tgz
[0m[32mDownload[0m https://registry.npmjs.org/tslib/-/tslib-2.8.1.tgz
[0m[32mDownload[0m https://registry.npmjs.org/@supabase/phoenix/-/phoenix-0.4.2.tgz
[0m[32mDownload[0m https://registry.npmjs.org/iceberg-js/-/iceberg-js-0.8.1.tgz
Fetching exchange rates from 2024-05-27 to 2026-05-27 for base EUR...
Targets: USD, JPY, SEK, CAD, KRW, CHF, GBP, AUD, HKD, SGD
Preparing to insert/upsert 5110 rows...
Successfully inserted chunk 0 to 1000
Successfully inserted chunk 1000 to 2000
Successfully inserted chunk 2000 to 3000
Successfully inserted chunk 3000 to 4000
Successfully inserted chunk 4000 to 5000
Successfully inserted chunk 5000 to 6000
Exchange rate update completed successfully.
[0m[32mDownload[0m https://jsr.io/@std/dotenv/meta.json
[0m[32mDownload[0m https://registry.npmjs.org/@supabase%2fsupabase-js
[0m[32mDownload[0m https://jsr.io/@std/dotenv/0.225.7_meta.json
[0m[32mDownload[0m https://jsr.io/@std/dotenv/0.225.7/load.ts
[0m[32mDownload[0m https://jsr.io/@std/dotenv/0.225.7/mod.ts
[0m[32mDownload[0m https://jsr.io/@std/dotenv/0.225.7/parse.ts
[0m[32mDownload[0m https://jsr.io/@std/dotenv/0.225.7/stringify.ts
[0m[32mDownload[0m https://registry.npmjs.org/@supabase%2fauth-js
[0m[32mDownload[0m https://registry.npmjs.org/@supabase%2ffunctions-js
[0m[32mDownload[0m https://registry.npmjs.org/@supabase%2fpostgrest-js
[0m[32mDownload[0m https://registry.npmjs.org/@supabase%2frealtime-js
[0m[32mDownload[0m https://registry.npmjs.org/@supabase%2fstorage-js
[0m[32mDownload[0m https://registry.npmjs.org/tslib
[0m[32mDownload[0m https://registry.npmjs.org/@supabase%2fphoenix
[0m[32mDownload[0m https://registry.npmjs.org/iceberg-js
[0m[32mDownload[0m https://registry.npmjs.org/@supabase/supabase-js/-/supabase-js-2.106.2.tgz
[0m[32mDownload[0m https://registry.npmjs.org/@supabase/storage-js/-/storage-js-2.106.2.tgz
[0m[32mDownload[0m https://registry.npmjs.org/@supabase/realtime-js/-/realtime-js-2.106.2.tgz
[0m[32mDownload[0m https://registry.npmjs.org/@supabase/functions-js/-/functions-js-2.106.2.tgz
[0m[32mDownload[0m https://registry.npmjs.org/@supabase/postgrest-js/-/postgrest-js-2.106.2.tgz
[0m[32mDownload[0m https://registry.npmjs.org/@supabase/auth-js/-/auth-js-2.106.2.tgz
[0m[32mDownload[0m https://registry.npmjs.org/iceberg-js/-/iceberg-js-0.8.1.tgz
[0m[32mDownload[0m https://registry.npmjs.org/tslib/-/tslib-2.8.1.tgz
[0m[32mDownload[0m https://registry.npmjs.org/@supabase/phoenix/-/phoenix-0.4.2.tgz
Fetching exchange rates from 2024-05-28 to 2026-05-28 for base EUR...
Targets: USD, JPY, SEK, CAD, KRW, CHF, GBP, AUD, HKD, SGD
Preparing to insert/upsert 5110 rows...
Successfully inserted chunk 0 to 1000
Successfully inserted chunk 1000 to 2000
Successfully inserted chunk 2000 to 3000
Successfully inserted chunk 3000 to 4000
Successfully inserted chunk 4000 to 5000
Successfully inserted chunk 5000 to 6000
Exchange rate update completed successfully.
[0m[32mDownload[0m https://jsr.io/@std/dotenv/meta.json
[0m[32mDownload[0m https://registry.npmjs.org/@supabase%2fsupabase-js
[0m[32mDownload[0m https://jsr.io/@std/dotenv/0.225.7_meta.json
[0m[32mDownload[0m https://jsr.io/@std/dotenv/0.225.7/load.ts
[0m[32mDownload[0m https://jsr.io/@std/dotenv/0.225.7/mod.ts
[0m[32mDownload[0m https://jsr.io/@std/dotenv/0.225.7/parse.ts
[0m[32mDownload[0m https://jsr.io/@std/dotenv/0.225.7/stringify.ts
[0m[32mDownload[0m https://registry.npmjs.org/@supabase%2fauth-js
[0m[32mDownload[0m https://registry.npmjs.org/@supabase%2ffunctions-js
[0m[32mDownload[0m https://registry.npmjs.org/@supabase%2fpostgrest-js
[0m[32mDownload[0m https://registry.npmjs.org/@supabase%2frealtime-js
[0m[32mDownload[0m https://registry.npmjs.org/@supabase%2fstorage-js
[0m[32mDownload[0m https://registry.npmjs.org/tslib
[0m[32mDownload[0m https://registry.npmjs.org/@supabase%2fphoenix
[0m[32mDownload[0m https://registry.npmjs.org/iceberg-js
[0m[32mDownload[0m https://registry.npmjs.org/@supabase/supabase-js/-/supabase-js-2.106.2.tgz
[0m[32mDownload[0m https://registry.npmjs.org/@supabase/functions-js/-/functions-js-2.106.2.tgz
[0m[32mDownload[0m https://registry.npmjs.org/@supabase/postgrest-js/-/postgrest-js-2.106.2.tgz
[0m[32mDownload[0m https://registry.npmjs.org/@supabase/auth-js/-/auth-js-2.106.2.tgz
[0m[32mDownload[0m https://registry.npmjs.org/@supabase/realtime-js/-/realtime-js-2.106.2.tgz
[0m[32mDownload[0m https://registry.npmjs.org/@supabase/storage-js/-/storage-js-2.106.2.tgz
[0m[32mDownload[0m https://registry.npmjs.org/tslib/-/tslib-2.8.1.tgz
[0m[32mDownload[0m https://registry.npmjs.org/@supabase/phoenix/-/phoenix-0.4.2.tgz
[0m[32mDownload[0m https://registry.npmjs.org/iceberg-js/-/iceberg-js-0.8.1.tgz
Fetching exchange rates from 2024-05-29 to 2026-05-29 for base EUR...
Targets: USD, JPY, SEK, CAD, KRW, CHF, GBP, AUD, HKD, SGD
Preparing to insert/upsert 5110 rows...
Successfully inserted chunk 0 to 1000
Successfully inserted chunk 1000 to 2000
Successfully inserted chunk 2000 to 3000
Successfully inserted chunk 3000 to 4000
Successfully inserted chunk 4000 to 5000
Successfully inserted chunk 5000 to 6000
Exchange rate update completed successfully.
[0m[32mDownload[0m https://jsr.io/@std/dotenv/meta.json
[0m[32mDownload[0m https://registry.npmjs.org/@supabase%2fsupabase-js
[0m[32mDownload[0m https://jsr.io/@std/dotenv/0.225.7_meta.json
[0m[32mDownload[0m https://jsr.io/@std/dotenv/0.225.7/load.ts
[0m[32mDownload[0m https://jsr.io/@std/dotenv/0.225.7/mod.ts
[0m[32mDownload[0m https://jsr.io/@std/dotenv/0.225.7/parse.ts
[0m[32mDownload[0m https://jsr.io/@std/dotenv/0.225.7/stringify.ts
[0m[32mDownload[0m https://registry.npmjs.org/@supabase%2fauth-js
[0m[32mDownload[0m https://registry.npmjs.org/@supabase%2ffunctions-js
[0m[32mDownload[0m https://registry.npmjs.org/@supabase%2fpostgrest-js
[0m[32mDownload[0m https://registry.npmjs.org/@supabase%2frealtime-js
[0m[32mDownload[0m https://registry.npmjs.org/@supabase%2fstorage-js
[0m[32mDownload[0m https://registry.npmjs.org/tslib
[0m[32mDownload[0m https://registry.npmjs.org/@supabase%2fphoenix
[0m[32mDownload[0m https://registry.npmjs.org/iceberg-js
[0m[32mDownload[0m https://registry.npmjs.org/@supabase/supabase-js/-/supabase-js-2.106.2.tgz
[0m[32mDownload[0m https://registry.npmjs.org/@supabase/realtime-js/-/realtime-js-2.106.2.tgz
[0m[32mDownload[0m https://registry.npmjs.org/@supabase/functions-js/-/functions-js-2.106.2.tgz
[0m[32mDownload[0m https://registry.npmjs.org/@supabase/postgrest-js/-/postgrest-js-2.106.2.tgz
[0m[32mDownload[0m https://registry.npmjs.org/@supabase/auth-js/-/auth-js-2.106.2.tgz
[0m[32mDownload[0m https://registry.npmjs.org/@supabase/storage-js/-/storage-js-2.106.2.tgz
[0m[32mDownload[0m https://registry.npmjs.org/tslib/-/tslib-2.8.1.tgz
[0m[32mDownload[0m https://registry.npmjs.org/@supabase/phoenix/-/phoenix-0.4.2.tgz
[0m[32mDownload[0m https://registry.npmjs.org/iceberg-js/-/iceberg-js-0.8.1.tgz
Fetching exchange rates from 2024-05-30 to 2026-05-30 for base EUR...
Targets: USD, JPY, SEK, CAD, KRW, CHF, GBP, AUD, HKD, SGD
Preparing to insert/upsert 5100 rows...
Successfully inserted chunk 0 to 1000
Successfully inserted chunk 1000 to 2000
Successfully inserted chunk 2000 to 3000
Successfully inserted chunk 3000 to 4000
Successfully inserted chunk 4000 to 5000
Successfully inserted chunk 5000 to 6000
Exchange rate update completed successfully.
[0m[32mDownload[0m https://jsr.io/@std/dotenv/meta.json
[0m[32mDownload[0m https://registry.npmjs.org/@supabase%2fsupabase-js
[0m[32mDownload[0m https://jsr.io/@std/dotenv/0.225.7_meta.json
[0m[32mDownload[0m https://jsr.io/@std/dotenv/0.225.7/load.ts
[0m[32mDownload[0m https://jsr.io/@std/dotenv/0.225.7/mod.ts
[0m[32mDownload[0m https://jsr.io/@std/dotenv/0.225.7/parse.ts
[0m[32mDownload[0m https://jsr.io/@std/dotenv/0.225.7/stringify.ts
[0m[32mDownload[0m https://registry.npmjs.org/@supabase%2fauth-js
[0m[32mDownload[0m https://registry.npmjs.org/@supabase%2ffunctions-js
[0m[32mDownload[0m https://registry.npmjs.org/@supabase%2fpostgrest-js
[0m[32mDownload[0m https://registry.npmjs.org/@supabase%2frealtime-js
[0m[32mDownload[0m https://registry.npmjs.org/@supabase%2fstorage-js
[0m[32mDownload[0m https://registry.npmjs.org/tslib
[0m[32mDownload[0m https://registry.npmjs.org/@supabase%2fphoenix
[0m[32mDownload[0m https://registry.npmjs.org/iceberg-js
[0m[32mDownload[0m https://registry.npmjs.org/@supabase/supabase-js/-/supabase-js-2.106.2.tgz
[0m[32mDownload[0m https://registry.npmjs.org/@supabase/auth-js/-/auth-js-2.106.2.tgz
[0m[32mDownload[0m https://registry.npmjs.org/@supabase/storage-js/-/storage-js-2.106.2.tgz
[0m[32mDownload[0m https://registry.npmjs.org/@supabase/functions-js/-/functions-js-2.106.2.tgz
[0m[32mDownload[0m https://registry.npmjs.org/@supabase/realtime-js/-/realtime-js-2.106.2.tgz
[0m[32mDownload[0m https://registry.npmjs.org/@supabase/postgrest-js/-/postgrest-js-2.106.2.tgz
[0m[32mDownload[0m https://registry.npmjs.org/tslib/-/tslib-2.8.1.tgz
[0m[32mDownload[0m https://registry.npmjs.org/iceberg-js/-/iceberg-js-0.8.1.tgz
[0m[32mDownload[0m https://registry.npmjs.org/@supabase/phoenix/-/phoenix-0.4.2.tgz
Fetching exchange rates from 2024-05-31 to 2026-05-31 for base EUR...
Targets: USD, JPY, SEK, CAD, KRW, CHF, GBP, AUD, HKD, SGD
Preparing to insert/upsert 5090 rows...
Successfully inserted chunk 0 to 1000
Successfully inserted chunk 1000 to 2000
Successfully inserted chunk 2000 to 3000
Successfully inserted chunk 3000 to 4000
Successfully inserted chunk 4000 to 5000
Successfully inserted chunk 5000 to 6000
Exchange rate update completed successfully.
[0m[32mDownload[0m https://jsr.io/@std/dotenv/meta.json
[0m[32mDownload[0m https://registry.npmjs.org/@supabase%2fsupabase-js
[0m[32mDownload[0m https://jsr.io/@std/dotenv/0.225.7_meta.json
[0m[32mDownload[0m https://jsr.io/@std/dotenv/0.225.7/load.ts
[0m[32mDownload[0m https://jsr.io/@std/dotenv/0.225.7/mod.ts
[0m[32mDownload[0m https://jsr.io/@std/dotenv/0.225.7/parse.ts
[0m[32mDownload[0m https://jsr.io/@std/dotenv/0.225.7/stringify.ts
[0m[32mDownload[0m https://registry.npmjs.org/@supabase%2fauth-js
[0m[32mDownload[0m https://registry.npmjs.org/@supabase%2ffunctions-js
[0m[32mDownload[0m https://registry.npmjs.org/@supabase%2fpostgrest-js
[0m[32mDownload[0m https://registry.npmjs.org/@supabase%2frealtime-js
[0m[32mDownload[0m https://registry.npmjs.org/@supabase%2fstorage-js
[0m[32mDownload[0m https://registry.npmjs.org/tslib
[0m[32mDownload[0m https://registry.npmjs.org/@supabase%2fphoenix
[0m[32mDownload[0m https://registry.npmjs.org/iceberg-js
[0m[32mDownload[0m https://registry.npmjs.org/@supabase/supabase-js/-/supabase-js-2.106.2.tgz
[0m[32mDownload[0m https://registry.npmjs.org/@supabase/auth-js/-/auth-js-2.106.2.tgz
[0m[32mDownload[0m https://registry.npmjs.org/@supabase/realtime-js/-/realtime-js-2.106.2.tgz
[0m[32mDownload[0m https://registry.npmjs.org/@supabase/functions-js/-/functions-js-2.106.2.tgz
[0m[32mDownload[0m https://registry.npmjs.org/@supabase/postgrest-js/-/postgrest-js-2.106.2.tgz
[0m[32mDownload[0m https://registry.npmjs.org/@supabase/storage-js/-/storage-js-2.106.2.tgz
[0m[32mDownload[0m https://registry.npmjs.org/tslib/-/tslib-2.8.1.tgz
[0m[32mDownload[0m https://registry.npmjs.org/@supabase/phoenix/-/phoenix-0.4.2.tgz
[0m[32mDownload[0m https://registry.npmjs.org/iceberg-js/-/iceberg-js-0.8.1.tgz
Fetching exchange rates from 2024-06-01 to 2026-06-01 for base EUR...
Targets: USD, JPY, SEK, CAD, KRW, CHF, GBP, AUD, HKD, SGD
Preparing to insert/upsert 5100 rows...
Successfully inserted chunk 0 to 1000
Successfully inserted chunk 1000 to 2000
Successfully inserted chunk 2000 to 3000
Successfully inserted chunk 3000 to 4000
Successfully inserted chunk 4000 to 5000
Successfully inserted chunk 5000 to 6000
Exchange rate update completed successfully.
[0m[32mDownload[0m https://jsr.io/@std/dotenv/meta.json
[0m[32mDownload[0m https://registry.npmjs.org/@supabase%2fsupabase-js
[0m[32mDownload[0m https://jsr.io/@std/dotenv/0.225.7_meta.json
[0m[32mDownload[0m https://jsr.io/@std/dotenv/0.225.7/load.ts
[0m[32mDownload[0m https://jsr.io/@std/dotenv/0.225.7/mod.ts
[0m[32mDownload[0m https://jsr.io/@std/dotenv/0.225.7/parse.ts
[0m[32mDownload[0m https://jsr.io/@std/dotenv/0.225.7/stringify.ts
[0m[32mDownload[0m https://registry.npmjs.org/@supabase%2fauth-js
[0m[32mDownload[0m https://registry.npmjs.org/@supabase%2ffunctions-js
[0m[32mDownload[0m https://registry.npmjs.org/@supabase%2fpostgrest-js
[0m[32mDownload[0m https://registry.npmjs.org/@supabase%2frealtime-js
[0m[32mDownload[0m https://registry.npmjs.org/@supabase%2fstorage-js
[0m[32mDownload[0m https://registry.npmjs.org/tslib
[0m[32mDownload[0m https://registry.npmjs.org/@supabase%2fphoenix
[0m[32mDownload[0m https://registry.npmjs.org/iceberg-js
[0m[32mDownload[0m https://registry.npmjs.org/@supabase/supabase-js/-/supabase-js-2.107.0.tgz
[0m[32mDownload[0m https://registry.npmjs.org/@supabase/auth-js/-/auth-js-2.107.0.tgz
[0m[32mDownload[0m https://registry.npmjs.org/@supabase/postgrest-js/-/postgrest-js-2.107.0.tgz
[0m[32mDownload[0m https://registry.npmjs.org/@supabase/realtime-js/-/realtime-js-2.107.0.tgz
[0m[32mDownload[0m https://registry.npmjs.org/@supabase/storage-js/-/storage-js-2.107.0.tgz
[0m[32mDownload[0m https://registry.npmjs.org/@supabase/functions-js/-/functions-js-2.107.0.tgz
[0m[32mDownload[0m https://registry.npmjs.org/tslib/-/tslib-2.8.1.tgz
[0m[32mDownload[0m https://registry.npmjs.org/@supabase/phoenix/-/phoenix-0.4.2.tgz
[0m[32mDownload[0m https://registry.npmjs.org/iceberg-js/-/iceberg-js-0.8.1.tgz
Fetching exchange rates from 2024-06-02 to 2026-06-02 for base EUR...
Targets: USD, JPY, SEK, CAD, KRW, CHF, GBP, AUD, HKD, SGD
Preparing to insert/upsert 5110 rows...
Successfully inserted chunk 0 to 1000
Successfully inserted chunk 1000 to 2000
Successfully inserted chunk 2000 to 3000
Successfully inserted chunk 3000 to 4000
Successfully inserted chunk 4000 to 5000
Successfully inserted chunk 5000 to 6000
Exchange rate update completed successfully.
[0m[32mDownload[0m https://jsr.io/@std/dotenv/meta.json
[0m[32mDownload[0m https://registry.npmjs.org/@supabase%2fsupabase-js
[0m[32mDownload[0m https://jsr.io/@std/dotenv/0.225.7_meta.json
[0m[32mDownload[0m https://jsr.io/@std/dotenv/0.225.7/load.ts
[0m[32mDownload[0m https://jsr.io/@std/dotenv/0.225.7/mod.ts
[0m[32mDownload[0m https://jsr.io/@std/dotenv/0.225.7/parse.ts
[0m[32mDownload[0m https://jsr.io/@std/dotenv/0.225.7/stringify.ts
[0m[32mDownload[0m https://registry.npmjs.org/@supabase%2fauth-js
[0m[32mDownload[0m https://registry.npmjs.org/@supabase%2ffunctions-js
[0m[32mDownload[0m https://registry.npmjs.org/@supabase%2fpostgrest-js
[0m[32mDownload[0m https://registry.npmjs.org/@supabase%2frealtime-js
[0m[32mDownload[0m https://registry.npmjs.org/@supabase%2fstorage-js
[0m[32mDownload[0m https://registry.npmjs.org/tslib
[0m[32mDownload[0m https://registry.npmjs.org/@supabase%2fphoenix
[0m[32mDownload[0m https://registry.npmjs.org/iceberg-js
[0m[32mDownload[0m https://registry.npmjs.org/@supabase/supabase-js/-/supabase-js-2.107.0.tgz
[0m[32mDownload[0m https://registry.npmjs.org/@supabase/auth-js/-/auth-js-2.107.0.tgz
[0m[32mDownload[0m https://registry.npmjs.org/@supabase/functions-js/-/functions-js-2.107.0.tgz
[0m[32mDownload[0m https://registry.npmjs.org/@supabase/postgrest-js/-/postgrest-js-2.107.0.tgz
[0m[32mDownload[0m https://registry.npmjs.org/@supabase/realtime-js/-/realtime-js-2.107.0.tgz
[0m[32mDownload[0m https://registry.npmjs.org/@supabase/storage-js/-/storage-js-2.107.0.tgz
[0m[32mDownload[0m https://registry.npmjs.org/tslib/-/tslib-2.8.1.tgz
[0m[32mDownload[0m https://registry.npmjs.org/@supabase/phoenix/-/phoenix-0.4.2.tgz
[0m[32mDownload[0m https://registry.npmjs.org/iceberg-js/-/iceberg-js-0.8.1.tgz
Fetching exchange rates from 2024-06-03 to 2026-06-03 for base EUR...
Targets: USD, JPY, SEK, CAD, KRW, CHF, GBP, AUD, HKD, SGD
Preparing to insert/upsert 5110 rows...
Successfully inserted chunk 0 to 1000
Successfully inserted chunk 1000 to 2000
Successfully inserted chunk 2000 to 3000
Successfully inserted chunk 3000 to 4000
Successfully inserted chunk 4000 to 5000
Successfully inserted chunk 5000 to 6000
Exchange rate update completed successfully.
[0m[32mDownload[0m https://jsr.io/@std/dotenv/meta.json
[0m[32mDownload[0m https://registry.npmjs.org/@supabase%2fsupabase-js
[0m[32mDownload[0m https://jsr.io/@std/dotenv/0.225.7_meta.json
[0m[32mDownload[0m https://jsr.io/@std/dotenv/0.225.7/load.ts
[0m[32mDownload[0m https://jsr.io/@std/dotenv/0.225.7/mod.ts
[0m[32mDownload[0m https://jsr.io/@std/dotenv/0.225.7/parse.ts
[0m[32mDownload[0m https://jsr.io/@std/dotenv/0.225.7/stringify.ts
[0m[32mDownload[0m https://registry.npmjs.org/@supabase%2fauth-js
[0m[32mDownload[0m https://registry.npmjs.org/@supabase%2ffunctions-js
[0m[32mDownload[0m https://registry.npmjs.org/@supabase%2fpostgrest-js
[0m[32mDownload[0m https://registry.npmjs.org/@supabase%2frealtime-js
[0m[32mDownload[0m https://registry.npmjs.org/@supabase%2fstorage-js
[0m[32mDownload[0m https://registry.npmjs.org/tslib
[0m[32mDownload[0m https://registry.npmjs.org/@supabase%2fphoenix
[0m[32mDownload[0m https://registry.npmjs.org/iceberg-js
[0m[32mDownload[0m https://registry.npmjs.org/@supabase/supabase-js/-/supabase-js-2.107.0.tgz
[0m[32mDownload[0m https://registry.npmjs.org/@supabase/auth-js/-/auth-js-2.107.0.tgz
[0m[32mDownload[0m https://registry.npmjs.org/@supabase/functions-js/-/functions-js-2.107.0.tgz
[0m[32mDownload[0m https://registry.npmjs.org/@supabase/storage-js/-/storage-js-2.107.0.tgz
[0m[32mDownload[0m https://registry.npmjs.org/@supabase/realtime-js/-/realtime-js-2.107.0.tgz
[0m[32mDownload[0m https://registry.npmjs.org/@supabase/postgrest-js/-/postgrest-js-2.107.0.tgz
[0m[32mDownload[0m https://registry.npmjs.org/tslib/-/tslib-2.8.1.tgz
[0m[32mDownload[0m https://registry.npmjs.org/iceberg-js/-/iceberg-js-0.8.1.tgz
[0m[32mDownload[0m https://registry.npmjs.org/@supabase/phoenix/-/phoenix-0.4.2.tgz
Fetching exchange rates from 2024-06-04 to 2026-06-04 for base EUR...
Targets: USD, JPY, SEK, CAD, KRW, CHF, GBP, AUD, HKD, SGD
Preparing to insert/upsert 5110 rows...
Successfully inserted chunk 0 to 1000
Successfully inserted chunk 1000 to 2000
Successfully inserted chunk 2000 to 3000
Successfully inserted chunk 3000 to 4000
Successfully inserted chunk 4000 to 5000
Successfully inserted chunk 5000 to 6000
Exchange rate update completed successfully.
[0m[32mDownload[0m https://jsr.io/@std/dotenv/meta.json
[0m[32mDownload[0m https://registry.npmjs.org/@supabase%2fsupabase-js
[0m[32mDownload[0m https://jsr.io/@std/dotenv/0.225.7_meta.json
[0m[32mDownload[0m https://jsr.io/@std/dotenv/0.225.7/load.ts
[0m[32mDownload[0m https://jsr.io/@std/dotenv/0.225.7/mod.ts
[0m[32mDownload[0m https://jsr.io/@std/dotenv/0.225.7/parse.ts
[0m[32mDownload[0m https://jsr.io/@std/dotenv/0.225.7/stringify.ts
[0m[32mDownload[0m https://registry.npmjs.org/@supabase%2fauth-js
[0m[32mDownload[0m https://registry.npmjs.org/@supabase%2ffunctions-js
[0m[32mDownload[0m https://registry.npmjs.org/@supabase%2fpostgrest-js
[0m[32mDownload[0m https://registry.npmjs.org/@supabase%2frealtime-js
[0m[32mDownload[0m https://registry.npmjs.org/@supabase%2fstorage-js
[0m[32mDownload[0m https://registry.npmjs.org/tslib
[0m[32mDownload[0m https://registry.npmjs.org/@supabase%2fphoenix
[0m[32mDownload[0m https://registry.npmjs.org/iceberg-js
[0m[32mDownload[0m https://registry.npmjs.org/@supabase/supabase-js/-/supabase-js-2.107.0.tgz
[0m[32mDownload[0m https://registry.npmjs.org/@supabase/functions-js/-/functions-js-2.107.0.tgz
[0m[32mDownload[0m https://registry.npmjs.org/@supabase/realtime-js/-/realtime-js-2.107.0.tgz
[0m[32mDownload[0m https://registry.npmjs.org/@supabase/postgrest-js/-/postgrest-js-2.107.0.tgz
[0m[32mDownload[0m https://registry.npmjs.org/@supabase/storage-js/-/storage-js-2.107.0.tgz
[0m[32mDownload[0m https://registry.npmjs.org/@supabase/auth-js/-/auth-js-2.107.0.tgz
[0m[32mDownload[0m https://registry.npmjs.org/tslib/-/tslib-2.8.1.tgz
[0m[32mDownload[0m https://registry.npmjs.org/@supabase/phoenix/-/phoenix-0.4.2.tgz
[0m[32mDownload[0m https://registry.npmjs.org/iceberg-js/-/iceberg-js-0.8.1.tgz
Fetching exchange rates from 2024-06-05 to 2026-06-05 for base EUR...
Targets: USD, JPY, SEK, CAD, KRW, CHF, GBP, AUD, HKD, SGD
Preparing to insert/upsert 5110 rows...
Successfully inserted chunk 0 to 1000
Successfully inserted chunk 1000 to 2000
Successfully inserted chunk 2000 to 3000
Successfully inserted chunk 3000 to 4000
Successfully inserted chunk 4000 to 5000
Successfully inserted chunk 5000 to 6000
Exchange rate update completed successfully.
[0m[32mDownload[0m https://jsr.io/@std/dotenv/meta.json
[0m[32mDownload[0m https://registry.npmjs.org/@supabase%2fsupabase-js
[0m[32mDownload[0m https://jsr.io/@std/dotenv/0.225.7_meta.json
[0m[32mDownload[0m https://jsr.io/@std/dotenv/0.225.7/load.ts
[0m[32mDownload[0m https://jsr.io/@std/dotenv/0.225.7/mod.ts
[0m[32mDownload[0m https://jsr.io/@std/dotenv/0.225.7/parse.ts
[0m[32mDownload[0m https://jsr.io/@std/dotenv/0.225.7/stringify.ts
[0m[32mDownload[0m https://registry.npmjs.org/@supabase%2fauth-js
[0m[32mDownload[0m https://registry.npmjs.org/@supabase%2ffunctions-js
[0m[32mDownload[0m https://registry.npmjs.org/@supabase%2fpostgrest-js
[0m[32mDownload[0m https://registry.npmjs.org/@supabase%2frealtime-js
[0m[32mDownload[0m https://registry.npmjs.org/@supabase%2fstorage-js
[0m[32mDownload[0m https://registry.npmjs.org/tslib
[0m[32mDownload[0m https://registry.npmjs.org/@supabase%2fphoenix
[0m[32mDownload[0m https://registry.npmjs.org/iceberg-js
[0m[32mDownload[0m https://registry.npmjs.org/@supabase/supabase-js/-/supabase-js-2.107.0.tgz
[0m[32mDownload[0m https://registry.npmjs.org/@supabase/storage-js/-/storage-js-2.107.0.tgz
[0m[32mDownload[0m https://registry.npmjs.org/@supabase/realtime-js/-/realtime-js-2.107.0.tgz
[0m[32mDownload[0m https://registry.npmjs.org/@supabase/auth-js/-/auth-js-2.107.0.tgz
[0m[32mDownload[0m https://registry.npmjs.org/@supabase/functions-js/-/functions-js-2.107.0.tgz
[0m[32mDownload[0m https://registry.npmjs.org/@supabase/postgrest-js/-/postgrest-js-2.107.0.tgz
[0m[32mDownload[0m https://registry.npmjs.org/iceberg-js/-/iceberg-js-0.8.1.tgz
[0m[32mDownload[0m https://registry.npmjs.org/tslib/-/tslib-2.8.1.tgz
[0m[32mDownload[0m https://registry.npmjs.org/@supabase/phoenix/-/phoenix-0.4.2.tgz
Fetching exchange rates from 2024-06-06 to 2026-06-06 for base EUR...
Targets: USD, JPY, SEK, CAD, KRW, CHF, GBP, AUD, HKD, SGD
Preparing to insert/upsert 5100 rows...
Successfully inserted chunk 0 to 1000
Successfully inserted chunk 1000 to 2000
Successfully inserted chunk 2000 to 3000
Successfully inserted chunk 3000 to 4000
Successfully inserted chunk 4000 to 5000
Successfully inserted chunk 5000 to 6000
Exchange rate update completed successfully.
[0m[32mDownload[0m https://jsr.io/@std/dotenv/meta.json
[0m[32mDownload[0m https://registry.npmjs.org/@supabase%2fsupabase-js
[0m[32mDownload[0m https://jsr.io/@std/dotenv/0.225.7_meta.json
[0m[32mDownload[0m https://jsr.io/@std/dotenv/0.225.7/load.ts
[0m[32mDownload[0m https://jsr.io/@std/dotenv/0.225.7/mod.ts
[0m[32mDownload[0m https://jsr.io/@std/dotenv/0.225.7/parse.ts
[0m[32mDownload[0m https://jsr.io/@std/dotenv/0.225.7/stringify.ts
[0m[32mDownload[0m https://registry.npmjs.org/@supabase%2fauth-js
[0m[32mDownload[0m https://registry.npmjs.org/@supabase%2ffunctions-js
[0m[32mDownload[0m https://registry.npmjs.org/@supabase%2fpostgrest-js
[0m[32mDownload[0m https://registry.npmjs.org/@supabase%2frealtime-js
[0m[32mDownload[0m https://registry.npmjs.org/@supabase%2fstorage-js
[0m[32mDownload[0m https://registry.npmjs.org/tslib
[0m[32mDownload[0m https://registry.npmjs.org/@supabase%2fphoenix
[0m[32mDownload[0m https://registry.npmjs.org/iceberg-js
[0m[32mDownload[0m https://registry.npmjs.org/@supabase/supabase-js/-/supabase-js-2.107.0.tgz
[0m[32mDownload[0m https://registry.npmjs.org/@supabase/auth-js/-/auth-js-2.107.0.tgz
[0m[32mDownload[0m https://registry.npmjs.org/@supabase/functions-js/-/functions-js-2.107.0.tgz
[0m[32mDownload[0m https://registry.npmjs.org/@supabase/realtime-js/-/realtime-js-2.107.0.tgz
[0m[32mDownload[0m https://registry.npmjs.org/@supabase/postgrest-js/-/postgrest-js-2.107.0.tgz
[0m[32mDownload[0m https://registry.npmjs.org/@supabase/storage-js/-/storage-js-2.107.0.tgz
[0m[32mDownload[0m https://registry.npmjs.org/tslib/-/tslib-2.8.1.tgz
[0m[32mDownload[0m https://registry.npmjs.org/@supabase/phoenix/-/phoenix-0.4.2.tgz
[0m[32mDownload[0m https://registry.npmjs.org/iceberg-js/-/iceberg-js-0.8.1.tgz
Fetching exchange rates from 2024-06-07 to 2026-06-07 for base EUR...
Targets: USD, JPY, SEK, CAD, KRW, CHF, GBP, AUD, HKD, SGD
Preparing to insert/upsert 5090 rows...
Successfully inserted chunk 0 to 1000
Successfully inserted chunk 1000 to 2000
Successfully inserted chunk 2000 to 3000
Successfully inserted chunk 3000 to 4000
Successfully inserted chunk 4000 to 5000
Successfully inserted chunk 5000 to 6000
Exchange rate update completed successfully.
[0m[32mDownload[0m https://jsr.io/@std/dotenv/meta.json
[0m[32mDownload[0m https://registry.npmjs.org/@supabase%2fsupabase-js
[0m[32mDownload[0m https://jsr.io/@std/dotenv/0.225.7_meta.json
[0m[32mDownload[0m https://jsr.io/@std/dotenv/0.225.7/load.ts
[0m[32mDownload[0m https://jsr.io/@std/dotenv/0.225.7/mod.ts
[0m[32mDownload[0m https://jsr.io/@std/dotenv/0.225.7/parse.ts
[0m[32mDownload[0m https://jsr.io/@std/dotenv/0.225.7/stringify.ts
[0m[32mDownload[0m https://registry.npmjs.org/@supabase%2fauth-js
[0m[32mDownload[0m https://registry.npmjs.org/@supabase%2ffunctions-js
[0m[32mDownload[0m https://registry.npmjs.org/@supabase%2fpostgrest-js
[0m[32mDownload[0m https://registry.npmjs.org/@supabase%2frealtime-js
[0m[32mDownload[0m https://registry.npmjs.org/@supabase%2fstorage-js
[0m[32mDownload[0m https://registry.npmjs.org/tslib
[0m[32mDownload[0m https://registry.npmjs.org/@supabase%2fphoenix
[0m[32mDownload[0m https://registry.npmjs.org/iceberg-js
[0m[32mDownload[0m https://registry.npmjs.org/@supabase/supabase-js/-/supabase-js-2.108.0.tgz
[0m[32mDownload[0m https://registry.npmjs.org/@supabase/storage-js/-/storage-js-2.108.0.tgz
[0m[32mDownload[0m https://registry.npmjs.org/@supabase/auth-js/-/auth-js-2.108.0.tgz
[0m[32mDownload[0m https://registry.npmjs.org/@supabase/functions-js/-/functions-js-2.108.0.tgz
[0m[32mDownload[0m https://registry.npmjs.org/@supabase/postgrest-js/-/postgrest-js-2.108.0.tgz
[0m[32mDownload[0m https://registry.npmjs.org/@supabase/realtime-js/-/realtime-js-2.108.0.tgz
[0m[32mDownload[0m https://registry.npmjs.org/tslib/-/tslib-2.8.1.tgz
[0m[32mDownload[0m https://registry.npmjs.org/iceberg-js/-/iceberg-js-0.8.1.tgz
[0m[32mDownload[0m https://registry.npmjs.org/@supabase/phoenix/-/phoenix-0.4.2.tgz
Fetching exchange rates from 2024-06-08 to 2026-06-08 for base EUR...
Targets: USD, JPY, SEK, CAD, KRW, CHF, GBP, AUD, HKD, SGD
Preparing to insert/upsert 5100 rows...
Successfully inserted chunk 0 to 1000
Successfully inserted chunk 1000 to 2000
Successfully inserted chunk 2000 to 3000
Successfully inserted chunk 3000 to 4000
Successfully inserted chunk 4000 to 5000
Successfully inserted chunk 5000 to 6000
Exchange rate update completed successfully.
[0m[32mDownload[0m https://jsr.io/@std/dotenv/meta.json
[0m[32mDownload[0m https://registry.npmjs.org/@supabase%2fsupabase-js
[0m[32mDownload[0m https://jsr.io/@std/dotenv/0.225.7_meta.json
[0m[32mDownload[0m https://jsr.io/@std/dotenv/0.225.7/load.ts
[0m[32mDownload[0m https://jsr.io/@std/dotenv/0.225.7/mod.ts
[0m[32mDownload[0m https://jsr.io/@std/dotenv/0.225.7/parse.ts
[0m[32mDownload[0m https://jsr.io/@std/dotenv/0.225.7/stringify.ts
[0m[32mDownload[0m https://registry.npmjs.org/@supabase%2fauth-js
[0m[32mDownload[0m https://registry.npmjs.org/@supabase%2ffunctions-js
[0m[32mDownload[0m https://registry.npmjs.org/@supabase%2fpostgrest-js
[0m[32mDownload[0m https://registry.npmjs.org/@supabase%2frealtime-js
[0m[32mDownload[0m https://registry.npmjs.org/@supabase%2fstorage-js
[0m[32mDownload[0m https://registry.npmjs.org/tslib
[0m[32mDownload[0m https://registry.npmjs.org/@supabase%2fphoenix
[0m[32mDownload[0m https://registry.npmjs.org/iceberg-js
[0m[32mDownload[0m https://registry.npmjs.org/@supabase/supabase-js/-/supabase-js-2.108.1.tgz
[0m[32mDownload[0m https://registry.npmjs.org/@supabase/auth-js/-/auth-js-2.108.1.tgz
[0m[32mDownload[0m https://registry.npmjs.org/@supabase/realtime-js/-/realtime-js-2.108.1.tgz
[0m[32mDownload[0m https://registry.npmjs.org/@supabase/storage-js/-/storage-js-2.108.1.tgz
[0m[32mDownload[0m https://registry.npmjs.org/@supabase/functions-js/-/functions-js-2.108.1.tgz
[0m[32mDownload[0m https://registry.npmjs.org/@supabase/postgrest-js/-/postgrest-js-2.108.1.tgz
[0m[32mDownload[0m https://registry.npmjs.org/tslib/-/tslib-2.8.1.tgz
[0m[32mDownload[0m https://registry.npmjs.org/@supabase/phoenix/-/phoenix-0.4.2.tgz
[0m[32mDownload[0m https://registry.npmjs.org/iceberg-js/-/iceberg-js-0.8.1.tgz
Fetching exchange rates from 2024-06-09 to 2026-06-09 for base EUR...
Targets: USD, JPY, SEK, CAD, KRW, CHF, GBP, AUD, HKD, SGD
Preparing to insert/upsert 5110 rows...
Successfully inserted chunk 0 to 1000
Successfully inserted chunk 1000 to 2000
Successfully inserted chunk 2000 to 3000
Successfully inserted chunk 3000 to 4000
Successfully inserted chunk 4000 to 5000
Successfully inserted chunk 5000 to 6000
Exchange rate update completed successfully.
[0m[32mDownload[0m https://jsr.io/@std/dotenv/meta.json
[0m[32mDownload[0m https://registry.npmjs.org/@supabase%2fsupabase-js
[0m[32mDownload[0m https://jsr.io/@std/dotenv/0.225.7_meta.json
[0m[32mDownload[0m https://jsr.io/@std/dotenv/0.225.7/load.ts
[0m[32mDownload[0m https://jsr.io/@std/dotenv/0.225.7/mod.ts
[0m[32mDownload[0m https://jsr.io/@std/dotenv/0.225.7/parse.ts
[0m[32mDownload[0m https://jsr.io/@std/dotenv/0.225.7/stringify.ts
[0m[32mDownload[0m https://registry.npmjs.org/@supabase%2fauth-js
[0m[32mDownload[0m https://registry.npmjs.org/@supabase%2ffunctions-js
[0m[32mDownload[0m https://registry.npmjs.org/@supabase%2fpostgrest-js
[0m[32mDownload[0m https://registry.npmjs.org/@supabase%2frealtime-js
[0m[32mDownload[0m https://registry.npmjs.org/@supabase%2fstorage-js
[0m[32mDownload[0m https://registry.npmjs.org/tslib
[0m[32mDownload[0m https://registry.npmjs.org/@supabase%2fphoenix
[0m[32mDownload[0m https://registry.npmjs.org/iceberg-js
[0m[32mDownload[0m https://registry.npmjs.org/@supabase/supabase-js/-/supabase-js-2.108.1.tgz
[0m[32mDownload[0m https://registry.npmjs.org/@supabase/postgrest-js/-/postgrest-js-2.108.1.tgz
[0m[32mDownload[0m https://registry.npmjs.org/@supabase/auth-js/-/auth-js-2.108.1.tgz
[0m[32mDownload[0m https://registry.npmjs.org/@supabase/realtime-js/-/realtime-js-2.108.1.tgz
[0m[32mDownload[0m https://registry.npmjs.org/@supabase/storage-js/-/storage-js-2.108.1.tgz
[0m[32mDownload[0m https://registry.npmjs.org/@supabase/functions-js/-/functions-js-2.108.1.tgz
[0m[32mDownload[0m https://registry.npmjs.org/tslib/-/tslib-2.8.1.tgz
[0m[32mDownload[0m https://registry.npmjs.org/@supabase/phoenix/-/phoenix-0.4.2.tgz
[0m[32mDownload[0m https://registry.npmjs.org/iceberg-js/-/iceberg-js-0.8.1.tgz
Fetching exchange rates from 2024-06-10 to 2026-06-10 for base EUR...
Targets: USD, JPY, SEK, CAD, KRW, CHF, GBP, AUD, HKD, SGD
Preparing to insert/upsert 5110 rows...
Successfully inserted chunk 0 to 1000
Successfully inserted chunk 1000 to 2000
Successfully inserted chunk 2000 to 3000
Successfully inserted chunk 3000 to 4000
Successfully inserted chunk 4000 to 5000
Successfully inserted chunk 5000 to 6000
Exchange rate update completed successfully.
[0m[32mDownload[0m https://jsr.io/@std/dotenv/meta.json
[0m[32mDownload[0m https://registry.npmjs.org/@supabase%2fsupabase-js
[0m[32mDownload[0m https://jsr.io/@std/dotenv/0.225.7_meta.json
[0m[32mDownload[0m https://jsr.io/@std/dotenv/0.225.7/load.ts
[0m[32mDownload[0m https://jsr.io/@std/dotenv/0.225.7/mod.ts
[0m[32mDownload[0m https://jsr.io/@std/dotenv/0.225.7/parse.ts
[0m[32mDownload[0m https://jsr.io/@std/dotenv/0.225.7/stringify.ts
[0m[32mDownload[0m https://registry.npmjs.org/@supabase%2fauth-js
[0m[32mDownload[0m https://registry.npmjs.org/@supabase%2ffunctions-js
[0m[32mDownload[0m https://registry.npmjs.org/@supabase%2fpostgrest-js
[0m[32mDownload[0m https://registry.npmjs.org/@supabase%2frealtime-js
[0m[32mDownload[0m https://registry.npmjs.org/@supabase%2fstorage-js
[0m[32mDownload[0m https://registry.npmjs.org/tslib
[0m[32mDownload[0m https://registry.npmjs.org/@supabase%2fphoenix
[0m[32mDownload[0m https://registry.npmjs.org/iceberg-js
[0m[32mDownload[0m https://registry.npmjs.org/@supabase/supabase-js/-/supabase-js-2.108.1.tgz
[0m[32mDownload[0m https://registry.npmjs.org/@supabase/auth-js/-/auth-js-2.108.1.tgz
[0m[32mDownload[0m https://registry.npmjs.org/@supabase/storage-js/-/storage-js-2.108.1.tgz
[0m[32mDownload[0m https://registry.npmjs.org/@supabase/realtime-js/-/realtime-js-2.108.1.tgz
[0m[32mDownload[0m https://registry.npmjs.org/@supabase/functions-js/-/functions-js-2.108.1.tgz
[0m[32mDownload[0m https://registry.npmjs.org/@supabase/postgrest-js/-/postgrest-js-2.108.1.tgz
[0m[32mDownload[0m https://registry.npmjs.org/tslib/-/tslib-2.8.1.tgz
[0m[32mDownload[0m https://registry.npmjs.org/iceberg-js/-/iceberg-js-0.8.1.tgz
[0m[32mDownload[0m https://registry.npmjs.org/@supabase/phoenix/-/phoenix-0.4.2.tgz
Fetching exchange rates from 2024-06-11 to 2026-06-11 for base EUR...
Targets: USD, JPY, SEK, CAD, KRW, CHF, GBP, AUD, HKD, SGD
Preparing to insert/upsert 5110 rows...
Successfully inserted chunk 0 to 1000
Successfully inserted chunk 1000 to 2000
Successfully inserted chunk 2000 to 3000
Successfully inserted chunk 3000 to 4000
Successfully inserted chunk 4000 to 5000
Successfully inserted chunk 5000 to 6000
Exchange rate update completed successfully.
[0m[32mDownload[0m https://jsr.io/@std/dotenv/meta.json
[0m[32mDownload[0m https://registry.npmjs.org/@supabase%2fsupabase-js
[0m[32mDownload[0m https://jsr.io/@std/dotenv/0.225.7_meta.json
[0m[32mDownload[0m https://jsr.io/@std/dotenv/0.225.7/load.ts
[0m[32mDownload[0m https://jsr.io/@std/dotenv/0.225.7/mod.ts
[0m[32mDownload[0m https://jsr.io/@std/dotenv/0.225.7/parse.ts
[0m[32mDownload[0m https://jsr.io/@std/dotenv/0.225.7/stringify.ts
[0m[32mDownload[0m https://registry.npmjs.org/@supabase%2fauth-js
[0m[32mDownload[0m https://registry.npmjs.org/@supabase%2ffunctions-js
[0m[32mDownload[0m https://registry.npmjs.org/@supabase%2fpostgrest-js
[0m[32mDownload[0m https://registry.npmjs.org/@supabase%2frealtime-js
[0m[32mDownload[0m https://registry.npmjs.org/@supabase%2fstorage-js
[0m[32mDownload[0m https://registry.npmjs.org/tslib
[0m[32mDownload[0m https://registry.npmjs.org/@supabase%2fphoenix
[0m[32mDownload[0m https://registry.npmjs.org/iceberg-js
[0m[32mDownload[0m https://registry.npmjs.org/@supabase/supabase-js/-/supabase-js-2.108.1.tgz
[0m[32mDownload[0m https://registry.npmjs.org/@supabase/auth-js/-/auth-js-2.108.1.tgz
[0m[32mDownload[0m https://registry.npmjs.org/@supabase/postgrest-js/-/postgrest-js-2.108.1.tgz
[0m[32mDownload[0m https://registry.npmjs.org/@supabase/functions-js/-/functions-js-2.108.1.tgz
[0m[32mDownload[0m https://registry.npmjs.org/@supabase/realtime-js/-/realtime-js-2.108.1.tgz
[0m[32mDownload[0m https://registry.npmjs.org/@supabase/storage-js/-/storage-js-2.108.1.tgz
[0m[32mDownload[0m https://registry.npmjs.org/tslib/-/tslib-2.8.1.tgz
[0m[32mDownload[0m https://registry.npmjs.org/@supabase/phoenix/-/phoenix-0.4.2.tgz
[0m[32mDownload[0m https://registry.npmjs.org/iceberg-js/-/iceberg-js-0.8.1.tgz
Fetching exchange rates from 2024-06-12 to 2026-06-12 for base EUR...
Targets: USD, JPY, SEK, CAD, KRW, CHF, GBP, AUD, HKD, SGD
Preparing to insert/upsert 5110 rows...
Successfully inserted chunk 0 to 1000
Successfully inserted chunk 1000 to 2000
Successfully inserted chunk 2000 to 3000
Successfully inserted chunk 3000 to 4000
Successfully inserted chunk 4000 to 5000
Successfully inserted chunk 5000 to 6000
Exchange rate update completed successfully.
[0m[32mDownload[0m https://jsr.io/@std/dotenv/meta.json
[0m[32mDownload[0m https://registry.npmjs.org/@supabase%2fsupabase-js
[0m[32mDownload[0m https://jsr.io/@std/dotenv/0.225.7_meta.json
[0m[32mDownload[0m https://jsr.io/@std/dotenv/0.225.7/load.ts
[0m[32mDownload[0m https://jsr.io/@std/dotenv/0.225.7/mod.ts
[0m[32mDownload[0m https://jsr.io/@std/dotenv/0.225.7/parse.ts
[0m[32mDownload[0m https://jsr.io/@std/dotenv/0.225.7/stringify.ts
[0m[32mDownload[0m https://registry.npmjs.org/@supabase%2fauth-js
[0m[32mDownload[0m https://registry.npmjs.org/@supabase%2ffunctions-js
[0m[32mDownload[0m https://registry.npmjs.org/@supabase%2fpostgrest-js
[0m[32mDownload[0m https://registry.npmjs.org/@supabase%2frealtime-js
[0m[32mDownload[0m https://registry.npmjs.org/@supabase%2fstorage-js
[0m[32mDownload[0m https://registry.npmjs.org/tslib
[0m[32mDownload[0m https://registry.npmjs.org/@supabase%2fphoenix
[0m[32mDownload[0m https://registry.npmjs.org/iceberg-js
[0m[32mDownload[0m https://registry.npmjs.org/@supabase/supabase-js/-/supabase-js-2.108.1.tgz
[0m[32mDownload[0m https://registry.npmjs.org/@supabase/postgrest-js/-/postgrest-js-2.108.1.tgz
[0m[32mDownload[0m https://registry.npmjs.org/@supabase/realtime-js/-/realtime-js-2.108.1.tgz
[0m[32mDownload[0m https://registry.npmjs.org/@supabase/auth-js/-/auth-js-2.108.1.tgz
[0m[32mDownload[0m https://registry.npmjs.org/@supabase/storage-js/-/storage-js-2.108.1.tgz
[0m[32mDownload[0m https://registry.npmjs.org/@supabase/functions-js/-/functions-js-2.108.1.tgz
[0m[32mDownload[0m https://registry.npmjs.org/tslib/-/tslib-2.8.1.tgz
[0m[32mDownload[0m https://registry.npmjs.org/@supabase/phoenix/-/phoenix-0.4.2.tgz
[0m[32mDownload[0m https://registry.npmjs.org/iceberg-js/-/iceberg-js-0.8.1.tgz
Fetching exchange rates from 2024-06-13 to 2026-06-13 for base EUR...
Targets: USD, JPY, SEK, CAD, KRW, CHF, GBP, AUD, HKD, SGD
Preparing to insert/upsert 5100 rows...
Successfully inserted chunk 0 to 1000
Successfully inserted chunk 1000 to 2000
Successfully inserted chunk 2000 to 3000
Successfully inserted chunk 3000 to 4000
Successfully inserted chunk 4000 to 5000
Successfully inserted chunk 5000 to 6000
Exchange rate update completed successfully.
[0m[32mDownload[0m https://jsr.io/@std/dotenv/meta.json
[0m[32mDownload[0m https://registry.npmjs.org/@supabase%2fsupabase-js
[0m[32mDownload[0m https://jsr.io/@std/dotenv/0.225.7_meta.json
[0m[32mDownload[0m https://jsr.io/@std/dotenv/0.225.7/load.ts
[0m[32mDownload[0m https://jsr.io/@std/dotenv/0.225.7/mod.ts
[0m[32mDownload[0m https://jsr.io/@std/dotenv/0.225.7/parse.ts
[0m[32mDownload[0m https://jsr.io/@std/dotenv/0.225.7/stringify.ts
[0m[32mDownload[0m https://registry.npmjs.org/@supabase%2fauth-js
[0m[32mDownload[0m https://registry.npmjs.org/@supabase%2ffunctions-js
[0m[32mDownload[0m https://registry.npmjs.org/@supabase%2fpostgrest-js
[0m[32mDownload[0m https://registry.npmjs.org/@supabase%2frealtime-js
[0m[32mDownload[0m https://registry.npmjs.org/@supabase%2fstorage-js
[0m[32mDownload[0m https://registry.npmjs.org/tslib
[0m[32mDownload[0m https://registry.npmjs.org/@supabase%2fphoenix
[0m[32mDownload[0m https://registry.npmjs.org/iceberg-js
[0m[32mDownload[0m https://registry.npmjs.org/@supabase/supabase-js/-/supabase-js-2.108.1.tgz
[0m[32mDownload[0m https://registry.npmjs.org/@supabase/postgrest-js/-/postgrest-js-2.108.1.tgz
[0m[32mDownload[0m https://registry.npmjs.org/@supabase/realtime-js/-/realtime-js-2.108.1.tgz
[0m[32mDownload[0m https://registry.npmjs.org/@supabase/functions-js/-/functions-js-2.108.1.tgz
[0m[32mDownload[0m https://registry.npmjs.org/@supabase/auth-js/-/auth-js-2.108.1.tgz
[0m[32mDownload[0m https://registry.npmjs.org/@supabase/storage-js/-/storage-js-2.108.1.tgz
[0m[32mDownload[0m https://registry.npmjs.org/tslib/-/tslib-2.8.1.tgz
[0m[32mDownload[0m https://registry.npmjs.org/@supabase/phoenix/-/phoenix-0.4.2.tgz
[0m[32mDownload[0m https://registry.npmjs.org/iceberg-js/-/iceberg-js-0.8.1.tgz
Fetching exchange rates from 2024-06-14 to 2026-06-14 for base EUR...
Targets: USD, JPY, SEK, CAD, KRW, CHF, GBP, AUD, HKD, SGD
Preparing to insert/upsert 5090 rows...
Successfully inserted chunk 0 to 1000
Successfully inserted chunk 1000 to 2000
Successfully inserted chunk 2000 to 3000
Successfully inserted chunk 3000 to 4000
Successfully inserted chunk 4000 to 5000
Successfully inserted chunk 5000 to 6000
Exchange rate update completed successfully.
[0m[32mDownload[0m https://jsr.io/@std/dotenv/meta.json
[0m[32mDownload[0m https://registry.npmjs.org/@supabase%2fsupabase-js
[0m[32mDownload[0m https://jsr.io/@std/dotenv/0.225.7_meta.json
[0m[32mDownload[0m https://jsr.io/@std/dotenv/0.225.7/load.ts
[0m[32mDownload[0m https://jsr.io/@std/dotenv/0.225.7/mod.ts
[0m[32mDownload[0m https://jsr.io/@std/dotenv/0.225.7/parse.ts
[0m[32mDownload[0m https://jsr.io/@std/dotenv/0.225.7/stringify.ts
[0m[32mDownload[0m https://registry.npmjs.org/@supabase%2fauth-js
[0m[32mDownload[0m https://registry.npmjs.org/@supabase%2ffunctions-js
[0m[32mDownload[0m https://registry.npmjs.org/@supabase%2fpostgrest-js
[0m[32mDownload[0m https://registry.npmjs.org/@supabase%2frealtime-js
[0m[32mDownload[0m https://registry.npmjs.org/@supabase%2fstorage-js
[0m[32mDownload[0m https://registry.npmjs.org/tslib
[0m[32mDownload[0m https://registry.npmjs.org/@supabase%2fphoenix
[0m[32mDownload[0m https://registry.npmjs.org/iceberg-js
[0m[32mDownload[0m https://registry.npmjs.org/@supabase/supabase-js/-/supabase-js-2.108.2.tgz
[0m[32mDownload[0m https://registry.npmjs.org/@supabase/functions-js/-/functions-js-2.108.2.tgz
[0m[32mDownload[0m https://registry.npmjs.org/@supabase/realtime-js/-/realtime-js-2.108.2.tgz
[0m[32mDownload[0m https://registry.npmjs.org/@supabase/storage-js/-/storage-js-2.108.2.tgz
[0m[32mDownload[0m https://registry.npmjs.org/@supabase/postgrest-js/-/postgrest-js-2.108.2.tgz
[0m[32mDownload[0m https://registry.npmjs.org/@supabase/auth-js/-/auth-js-2.108.2.tgz
[0m[32mDownload[0m https://registry.npmjs.org/tslib/-/tslib-2.8.1.tgz
[0m[32mDownload[0m https://registry.npmjs.org/@supabase/phoenix/-/phoenix-0.4.2.tgz
[0m[32mDownload[0m https://registry.npmjs.org/iceberg-js/-/iceberg-js-0.8.1.tgz
Fetching exchange rates from 2024-06-15 to 2026-06-15 for base EUR...
Targets: USD, JPY, SEK, CAD, KRW, CHF, GBP, AUD, HKD, SGD
Preparing to insert/upsert 5100 rows...
Successfully inserted chunk 0 to 1000
Successfully inserted chunk 1000 to 2000
Successfully inserted chunk 2000 to 3000
Successfully inserted chunk 3000 to 4000
Successfully inserted chunk 4000 to 5000
Successfully inserted chunk 5000 to 6000
Exchange rate update completed successfully.
[0m[32mDownload[0m https://jsr.io/@std/dotenv/meta.json
[0m[32mDownload[0m https://registry.npmjs.org/@supabase%2fsupabase-js
[0m[32mDownload[0m https://jsr.io/@std/dotenv/0.225.7_meta.json
[0m[32mDownload[0m https://jsr.io/@std/dotenv/0.225.7/load.ts
[0m[32mDownload[0m https://jsr.io/@std/dotenv/0.225.7/mod.ts
[0m[32mDownload[0m https://jsr.io/@std/dotenv/0.225.7/parse.ts
[0m[32mDownload[0m https://jsr.io/@std/dotenv/0.225.7/stringify.ts
[0m[32mDownload[0m https://registry.npmjs.org/@supabase%2fauth-js
[0m[32mDownload[0m https://registry.npmjs.org/@supabase%2ffunctions-js
[0m[32mDownload[0m https://registry.npmjs.org/@supabase%2fpostgrest-js
[0m[32mDownload[0m https://registry.npmjs.org/@supabase%2frealtime-js
[0m[32mDownload[0m https://registry.npmjs.org/@supabase%2fstorage-js
[0m[32mDownload[0m https://registry.npmjs.org/tslib
[0m[32mDownload[0m https://registry.npmjs.org/@supabase%2fphoenix
[0m[32mDownload[0m https://registry.npmjs.org/iceberg-js
[0m[32mDownload[0m https://registry.npmjs.org/@supabase/supabase-js/-/supabase-js-2.108.2.tgz
[0m[32mDownload[0m https://registry.npmjs.org/@supabase/realtime-js/-/realtime-js-2.108.2.tgz
[0m[32mDownload[0m https://registry.npmjs.org/@supabase/functions-js/-/functions-js-2.108.2.tgz
[0m[32mDownload[0m https://registry.npmjs.org/@supabase/postgrest-js/-/postgrest-js-2.108.2.tgz
[0m[32mDownload[0m https://registry.npmjs.org/@supabase/storage-js/-/storage-js-2.108.2.tgz
[0m[32mDownload[0m https://registry.npmjs.org/@supabase/auth-js/-/auth-js-2.108.2.tgz
[0m[32mDownload[0m https://registry.npmjs.org/tslib/-/tslib-2.8.1.tgz
[0m[32mDownload[0m https://registry.npmjs.org/@supabase/phoenix/-/phoenix-0.4.3.tgz
[0m[32mDownload[0m https://registry.npmjs.org/iceberg-js/-/iceberg-js-0.8.1.tgz
Fetching exchange rates from 2024-06-16 to 2026-06-16 for base EUR...
Targets: USD, JPY, SEK, CAD, KRW, CHF, GBP, AUD, HKD, SGD
Preparing to insert/upsert 5110 rows...
Successfully inserted chunk 0 to 1000
Successfully inserted chunk 1000 to 2000
Successfully inserted chunk 2000 to 3000
Successfully inserted chunk 3000 to 4000
Successfully inserted chunk 4000 to 5000
Successfully inserted chunk 5000 to 6000
Exchange rate update completed successfully.
[0m[32mDownload[0m https://jsr.io/@std/dotenv/meta.json
[0m[32mDownload[0m https://registry.npmjs.org/@supabase%2fsupabase-js
[0m[32mDownload[0m https://jsr.io/@std/dotenv/0.225.7_meta.json
[0m[32mDownload[0m https://jsr.io/@std/dotenv/0.225.7/load.ts
[0m[32mDownload[0m https://jsr.io/@std/dotenv/0.225.7/mod.ts
[0m[32mDownload[0m https://jsr.io/@std/dotenv/0.225.7/parse.ts
[0m[32mDownload[0m https://jsr.io/@std/dotenv/0.225.7/stringify.ts
[0m[32mDownload[0m https://registry.npmjs.org/@supabase%2fauth-js
[0m[32mDownload[0m https://registry.npmjs.org/@supabase%2ffunctions-js
[0m[32mDownload[0m https://registry.npmjs.org/@supabase%2fpostgrest-js
[0m[32mDownload[0m https://registry.npmjs.org/@supabase%2frealtime-js
[0m[32mDownload[0m https://registry.npmjs.org/@supabase%2fstorage-js
[0m[32mDownload[0m https://registry.npmjs.org/tslib
[0m[32mDownload[0m https://registry.npmjs.org/@supabase%2fphoenix
[0m[32mDownload[0m https://registry.npmjs.org/iceberg-js
[0m[32mDownload[0m https://registry.npmjs.org/@supabase/supabase-js/-/supabase-js-2.110.0.tgz
[0m[32mDownload[0m https://registry.npmjs.org/@supabase/realtime-js/-/realtime-js-2.110.0.tgz
[0m[32mDownload[0m https://registry.npmjs.org/@supabase/auth-js/-/auth-js-2.110.0.tgz
[0m[32mDownload[0m https://registry.npmjs.org/@supabase/functions-js/-/functions-js-2.110.0.tgz
[0m[32mDownload[0m https://registry.npmjs.org/@supabase/postgrest-js/-/postgrest-js-2.110.0.tgz
[0m[32mDownload[0m https://registry.npmjs.org/@supabase/storage-js/-/storage-js-2.110.0.tgz
[0m[32mDownload[0m https://registry.npmjs.org/tslib/-/tslib-2.8.1.tgz
[0m[32mDownload[0m https://registry.npmjs.org/@supabase/phoenix/-/phoenix-0.4.4.tgz
[0m[32mDownload[0m https://registry.npmjs.org/iceberg-js/-/iceberg-js-0.8.1.tgz
Fetching exchange rates from 2024-07-03 to 2026-07-03 for base EUR...
Targets: USD, JPY, SEK, CAD, KRW, CHF, GBP, AUD, HKD, SGD
Preparing to insert/upsert 5110 rows...
Successfully inserted chunk 0 to 1000
Successfully inserted chunk 1000 to 2000
Successfully inserted chunk 2000 to 3000
Successfully inserted chunk 3000 to 4000
Successfully inserted chunk 4000 to 5000
Successfully inserted chunk 5000 to 6000
Exchange rate update completed successfully.
[0m[32mDownload[0m https://jsr.io/@std/dotenv/meta.json
[0m[32mDownload[0m https://registry.npmjs.org/@supabase%2fsupabase-js
[0m[32mDownload[0m https://jsr.io/@std/dotenv/0.225.7_meta.json
[0m[32mDownload[0m https://jsr.io/@std/dotenv/0.225.7/load.ts
[0m[32mDownload[0m https://jsr.io/@std/dotenv/0.225.7/mod.ts
[0m[32mDownload[0m https://jsr.io/@std/dotenv/0.225.7/parse.ts
[0m[32mDownload[0m https://jsr.io/@std/dotenv/0.225.7/stringify.ts
[0m[32mDownload[0m https://registry.npmjs.org/@supabase%2fauth-js
[0m[32mDownload[0m https://registry.npmjs.org/@supabase%2ffunctions-js
[0m[32mDownload[0m https://registry.npmjs.org/@supabase%2fpostgrest-js
[0m[32mDownload[0m https://registry.npmjs.org/@supabase%2frealtime-js
[0m[32mDownload[0m https://registry.npmjs.org/@supabase%2fstorage-js
[0m[32mDownload[0m https://registry.npmjs.org/tslib
[0m[32mDownload[0m https://registry.npmjs.org/@supabase%2fphoenix
[0m[32mDownload[0m https://registry.npmjs.org/iceberg-js
[0m[32mDownload[0m https://registry.npmjs.org/@supabase/supabase-js/-/supabase-js-2.110.0.tgz
[0m[32mDownload[0m https://registry.npmjs.org/@supabase/auth-js/-/auth-js-2.110.0.tgz
[0m[32mDownload[0m https://registry.npmjs.org/@supabase/storage-js/-/storage-js-2.110.0.tgz
[0m[32mDownload[0m https://registry.npmjs.org/@supabase/functions-js/-/functions-js-2.110.0.tgz
[0m[32mDownload[0m https://registry.npmjs.org/@supabase/postgrest-js/-/postgrest-js-2.110.0.tgz
[0m[32mDownload[0m https://registry.npmjs.org/@supabase/realtime-js/-/realtime-js-2.110.0.tgz
[0m[32mDownload[0m https://registry.npmjs.org/tslib/-/tslib-2.8.1.tgz
[0m[32mDownload[0m https://registry.npmjs.org/iceberg-js/-/iceberg-js-0.8.1.tgz
[0m[32mDownload[0m https://registry.npmjs.org/@supabase/phoenix/-/phoenix-0.4.4.tgz
Fetching exchange rates from 2024-07-04 to 2026-07-04 for base EUR...
Targets: USD, JPY, SEK, CAD, KRW, CHF, GBP, AUD, HKD, SGD
Preparing to insert/upsert 5100 rows...
Successfully inserted chunk 0 to 1000
Successfully inserted chunk 1000 to 2000
Successfully inserted chunk 2000 to 3000
Successfully inserted chunk 3000 to 4000
Successfully inserted chunk 4000 to 5000
Successfully inserted chunk 5000 to 6000
Exchange rate update completed successfully.
[0m[32mDownload[0m https://jsr.io/@std/dotenv/meta.json
[0m[32mDownload[0m https://registry.npmjs.org/@supabase%2fsupabase-js
[0m[32mDownload[0m https://jsr.io/@std/dotenv/0.225.7_meta.json
[0m[32mDownload[0m https://jsr.io/@std/dotenv/0.225.7/load.ts
[0m[32mDownload[0m https://jsr.io/@std/dotenv/0.225.7/mod.ts
[0m[32mDownload[0m https://jsr.io/@std/dotenv/0.225.7/parse.ts
[0m[32mDownload[0m https://jsr.io/@std/dotenv/0.225.7/stringify.ts
[0m[32mDownload[0m https://registry.npmjs.org/@supabase%2fauth-js
[0m[32mDownload[0m https://registry.npmjs.org/@supabase%2ffunctions-js
[0m[32mDownload[0m https://registry.npmjs.org/@supabase%2fpostgrest-js
[0m[32mDownload[0m https://registry.npmjs.org/@supabase%2frealtime-js
[0m[32mDownload[0m https://registry.npmjs.org/@supabase%2fstorage-js
[0m[32mDownload[0m https://registry.npmjs.org/tslib
[0m[32mDownload[0m https://registry.npmjs.org/@supabase%2fphoenix
[0m[32mDownload[0m https://registry.npmjs.org/iceberg-js
[0m[32mDownload[0m https://registry.npmjs.org/@supabase/supabase-js/-/supabase-js-2.110.0.tgz
[0m[32mDownload[0m https://registry.npmjs.org/@supabase/functions-js/-/functions-js-2.110.0.tgz
[0m[32mDownload[0m https://registry.npmjs.org/@supabase/auth-js/-/auth-js-2.110.0.tgz
[0m[32mDownload[0m https://registry.npmjs.org/@supabase/postgrest-js/-/postgrest-js-2.110.0.tgz
[0m[32mDownload[0m https://registry.npmjs.org/@supabase/realtime-js/-/realtime-js-2.110.0.tgz
[0m[32mDownload[0m https://registry.npmjs.org/@supabase/storage-js/-/storage-js-2.110.0.tgz
[0m[32mDownload[0m https://registry.npmjs.org/tslib/-/tslib-2.8.1.tgz
[0m[32mDownload[0m https://registry.npmjs.org/@supabase/phoenix/-/phoenix-0.4.4.tgz
[0m[32mDownload[0m https://registry.npmjs.org/iceberg-js/-/iceberg-js-0.8.1.tgz
Fetching exchange rates from 2024-07-05 to 2026-07-05 for base EUR...
Targets: USD, JPY, SEK, CAD, KRW, CHF, GBP, AUD, HKD, SGD
Preparing to insert/upsert 5090 rows...
Successfully inserted chunk 0 to 1000
Successfully inserted chunk 1000 to 2000
Successfully inserted chunk 2000 to 3000
Successfully inserted chunk 3000 to 4000
Successfully inserted chunk 4000 to 5000
Successfully inserted chunk 5000 to 6000
Exchange rate update completed successfully.
[0m[32mDownload[0m https://jsr.io/@std/dotenv/meta.json
[0m[32mDownload[0m https://registry.npmjs.org/@supabase%2fsupabase-js
[0m[32mDownload[0m https://jsr.io/@std/dotenv/0.225.7_meta.json
[0m[32mDownload[0m https://jsr.io/@std/dotenv/0.225.7/load.ts
[0m[32mDownload[0m https://jsr.io/@std/dotenv/0.225.7/mod.ts
[0m[32mDownload[0m https://jsr.io/@std/dotenv/0.225.7/parse.ts
[0m[32mDownload[0m https://jsr.io/@std/dotenv/0.225.7/stringify.ts
[0m[32mDownload[0m https://registry.npmjs.org/@supabase%2fauth-js
[0m[32mDownload[0m https://registry.npmjs.org/@supabase%2ffunctions-js
[0m[32mDownload[0m https://registry.npmjs.org/@supabase%2fpostgrest-js
[0m[32mDownload[0m https://registry.npmjs.org/@supabase%2frealtime-js
[0m[32mDownload[0m https://registry.npmjs.org/@supabase%2fstorage-js
[0m[32mDownload[0m https://registry.npmjs.org/tslib
[0m[32mDownload[0m https://registry.npmjs.org/@supabase%2fphoenix
[0m[32mDownload[0m https://registry.npmjs.org/iceberg-js
[0m[32mDownload[0m https://registry.npmjs.org/@supabase/supabase-js/-/supabase-js-2.110.0.tgz
[0m[32mDownload[0m https://registry.npmjs.org/@supabase/functions-js/-/functions-js-2.110.0.tgz
[0m[32mDownload[0m https://registry.npmjs.org/@supabase/auth-js/-/auth-js-2.110.0.tgz
[0m[32mDownload[0m https://registry.npmjs.org/@supabase/postgrest-js/-/postgrest-js-2.110.0.tgz
[0m[32mDownload[0m https://registry.npmjs.org/@supabase/realtime-js/-/realtime-js-2.110.0.tgz
[0m[32mDownload[0m https://registry.npmjs.org/@supabase/storage-js/-/storage-js-2.110.0.tgz
[0m[32mDownload[0m https://registry.npmjs.org/tslib/-/tslib-2.8.1.tgz
[0m[32mDownload[0m https://registry.npmjs.org/@supabase/phoenix/-/phoenix-0.4.4.tgz
[0m[32mDownload[0m https://registry.npmjs.org/iceberg-js/-/iceberg-js-0.8.1.tgz
Fetching exchange rates from 2024-07-06 to 2026-07-06 for base EUR...
Targets: USD, JPY, SEK, CAD, KRW, CHF, GBP, AUD, HKD, SGD
Preparing to insert/upsert 5100 rows...
Successfully inserted chunk 0 to 1000
Successfully inserted chunk 1000 to 2000
Successfully inserted chunk 2000 to 3000
Successfully inserted chunk 3000 to 4000
Successfully inserted chunk 4000 to 5000
Successfully inserted chunk 5000 to 6000
Exchange rate update completed successfully.
[0m[32mDownload[0m https://jsr.io/@std/dotenv/meta.json
[0m[32mDownload[0m https://registry.npmjs.org/@supabase%2fsupabase-js
[0m[32mDownload[0m https://jsr.io/@std/dotenv/0.225.7_meta.json
[0m[32mDownload[0m https://jsr.io/@std/dotenv/0.225.7/load.ts
[0m[32mDownload[0m https://jsr.io/@std/dotenv/0.225.7/mod.ts
[0m[32mDownload[0m https://jsr.io/@std/dotenv/0.225.7/parse.ts
[0m[32mDownload[0m https://jsr.io/@std/dotenv/0.225.7/stringify.ts
[0m[32mDownload[0m https://registry.npmjs.org/@supabase%2fauth-js
[0m[32mDownload[0m https://registry.npmjs.org/@supabase%2ffunctions-js
[0m[32mDownload[0m https://registry.npmjs.org/@supabase%2fpostgrest-js
[0m[32mDownload[0m https://registry.npmjs.org/@supabase%2frealtime-js
[0m[32mDownload[0m https://registry.npmjs.org/@supabase%2fstorage-js
[0m[32mDownload[0m https://registry.npmjs.org/tslib
[0m[32mDownload[0m https://registry.npmjs.org/@supabase%2fphoenix
[0m[32mDownload[0m https://registry.npmjs.org/iceberg-js
[0m[32mDownload[0m https://registry.npmjs.org/@supabase/supabase-js/-/supabase-js-2.110.1.tgz
[0m[32mDownload[0m https://registry.npmjs.org/@supabase/auth-js/-/auth-js-2.110.1.tgz
[0m[32mDownload[0m https://registry.npmjs.org/@supabase/functions-js/-/functions-js-2.110.1.tgz
[0m[32mDownload[0m https://registry.npmjs.org/@supabase/postgrest-js/-/postgrest-js-2.110.1.tgz
[0m[32mDownload[0m https://registry.npmjs.org/@supabase/realtime-js/-/realtime-js-2.110.1.tgz
[0m[32mDownload[0m https://registry.npmjs.org/@supabase/storage-js/-/storage-js-2.110.1.tgz
[0m[32mDownload[0m https://registry.npmjs.org/tslib/-/tslib-2.8.1.tgz
[0m[32mDownload[0m https://registry.npmjs.org/@supabase/phoenix/-/phoenix-0.4.4.tgz
[0m[32mDownload[0m https://registry.npmjs.org/iceberg-js/-/iceberg-js-0.8.1.tgz
Fetching exchange rates from 2024-07-07 to 2026-07-07 for base EUR...
Targets: USD, JPY, SEK, CAD, KRW, CHF, GBP, AUD, HKD, SGD
Preparing to insert/upsert 5110 rows...
Successfully inserted chunk 0 to 1000
Successfully inserted chunk 1000 to 2000
Successfully inserted chunk 2000 to 3000
Successfully inserted chunk 3000 to 4000
Successfully inserted chunk 4000 to 5000
Successfully inserted chunk 5000 to 6000
Exchange rate update completed successfully.
[0m[32mDownload[0m https://jsr.io/@std/dotenv/meta.json
[0m[32mDownload[0m https://registry.npmjs.org/@supabase%2fsupabase-js
[0m[32mDownload[0m https://jsr.io/@std/dotenv/0.225.7_meta.json
[0m[32mDownload[0m https://jsr.io/@std/dotenv/0.225.7/load.ts
[0m[32mDownload[0m https://jsr.io/@std/dotenv/0.225.7/mod.ts
[0m[32mDownload[0m https://jsr.io/@std/dotenv/0.225.7/parse.ts
[0m[32mDownload[0m https://jsr.io/@std/dotenv/0.225.7/stringify.ts
[0m[32mDownload[0m https://registry.npmjs.org/@supabase%2fauth-js
[0m[32mDownload[0m https://registry.npmjs.org/@supabase%2ffunctions-js
[0m[32mDownload[0m https://registry.npmjs.org/@supabase%2fpostgrest-js
[0m[32mDownload[0m https://registry.npmjs.org/@supabase%2frealtime-js
[0m[32mDownload[0m https://registry.npmjs.org/@supabase%2fstorage-js
[0m[32mDownload[0m https://registry.npmjs.org/tslib
[0m[32mDownload[0m https://registry.npmjs.org/@supabase%2fphoenix
[0m[32mDownload[0m https://registry.npmjs.org/iceberg-js
[0m[32mDownload[0m https://registry.npmjs.org/@supabase/supabase-js/-/supabase-js-2.110.1.tgz
[0m[32mDownload[0m https://registry.npmjs.org/@supabase/functions-js/-/functions-js-2.110.1.tgz
[0m[32mDownload[0m https://registry.npmjs.org/@supabase/auth-js/-/auth-js-2.110.1.tgz
[0m[32mDownload[0m https://registry.npmjs.org/@supabase/postgrest-js/-/postgrest-js-2.110.1.tgz
[0m[32mDownload[0m https://registry.npmjs.org/@supabase/storage-js/-/storage-js-2.110.1.tgz
[0m[32mDownload[0m https://registry.npmjs.org/@supabase/realtime-js/-/realtime-js-2.110.1.tgz
[0m[32mDownload[0m https://registry.npmjs.org/tslib/-/tslib-2.8.1.tgz
[0m[32mDownload[0m https://registry.npmjs.org/iceberg-js/-/iceberg-js-0.8.1.tgz
[0m[32mDownload[0m https://registry.npmjs.org/@supabase/phoenix/-/phoenix-0.4.4.tgz
Fetching exchange rates from 2024-07-08 to 2026-07-08 for base EUR...
Targets: USD, JPY, SEK, CAD, KRW, CHF, GBP, AUD, HKD, SGD
Preparing to insert/upsert 5110 rows...
Successfully inserted chunk 0 to 1000
Successfully inserted chunk 1000 to 2000
Successfully inserted chunk 2000 to 3000
Successfully inserted chunk 3000 to 4000
Successfully inserted chunk 4000 to 5000
Successfully inserted chunk 5000 to 6000
Exchange rate update completed successfully.
